../Core/Src/main.c:97:6:HAL_CAN_RxFifo0MsgPendingCallback	8	static,ignoring_inline_asm
../Core/Src/main.c:179:6:SystemClock_Config	88	static,ignoring_inline_asm
../Core/Src/main.c:352:6:ADC_Select_CH0	24	static,ignoring_inline_asm
../Core/Src/main.c:366:6:ADC_Select_CH1	24	static,ignoring_inline_asm
../Core/Src/main.c:380:19:poll_adc_raw	16	static
../Core/Src/main.c:394:6:APPS_read_verify	16	static
../Core/Src/main.c:117:5:main	80	static,ignoring_inline_asm
../Core/Src/main.c:448:6:Error_Handler	0	static,ignoring_inline_asm
